// Vitest Snapshot v1, https://vitest.dev/guide/snapshot.html

exports[`subscriptions > keeps the queue names, routing keys and channels 1`] = `
{
  "channels": {
    "transcodeMediaChannel": 1,
  },
  "content": {
    "delete": {
      "exchange": "content.trigger",
      "queue": "content.delete.trigger",
      "routingKey": "jobType.delete",
    },
    "hls": {
      "exchange": "content.trigger",
      "queue": "content.hls.trigger",
      "routingKey": "jobType.hls",
    },
    "rawIngest": {
      "exchange": "content.trigger",
      "queue": "content.rawIngest.trigger",
      "routingKey": "jobType.rawIngest",
    },
    "thumbnail": {
      "exchange": "content.trigger",
      "queue": "content.thumbnail.trigger",
      "routingKey": "jobType.thumbnail",
    },
  },
  "downloads": {
    "start": {
      "exchange": "download.trigger",
      "queue": "download.trigger",
      "routingKey": "download.start",
    },
    "update": {
      "exchange": "download.update",
      "queue": "download.update",
      "routingKey": "update.*",
    },
  },
  "media": {
    "cleanup": {
      "exchange": "media.trigger",
      "queue": "media.cleanup.trigger",
      "routingKey": "jobType.cleanup",
    },
    "configureTranscode": {
      "exchange": "media.trigger",
      "queue": "media.configureTranscode.trigger",
      "routingKey": "jobType.configureTranscode",
    },
    "deleteWorkflow": {
      "exchange": "media.trigger",
      "queue": "media.deleteWorkflow.trigger",
      "routingKey": "jobType.deleteWorkflow",
    },
    "extractMetadata": {
      "exchange": "media.trigger",
      "queue": "media.extractMetadata.trigger",
      "routingKey": "jobType.extractMetadata",
    },
    "test": {
      "exchange": "media.trigger",
      "queue": "media.test.trigger",
      "routingKey": "jobType.test",
    },
    "transcode": {
      "exchange": "media.trigger",
      "queue": "media.transcode.trigger",
      "queueOptions": {
        "arguments": {
          "x-consumer-timeout": 32400000,
        },
        "channel": "transcodeMediaChannel",
      },
      "routingKey": "jobType.transcode",
    },
    "transcodeConfiguration": {
      "exchange": "media.trigger",
      "queue": "media.transcodeConfiguration.trigger",
      "routingKey": "jobType.transcodeConfiguration",
    },
    "verifyTranscodeConfiguration": {
      "exchange": "media.trigger",
      "queue": "media.verifyTranscodeConfiguration.trigger",
      "routingKey": "jobType.verifyTranscodeConfiguration",
    },
  },
}
`;
